[0.800s] Invoking command in '/uolstore/home/users/sc22amll/ros2_ws/src/ros2_project_sc22amll': PYTHONPATH=/uolstore/home/users/sc22amll/ros2_ws/src/ros2_project_sc22amll/build/ros2_project_sc22amll/prefix_override:/uolstore/home/users/sc22amll/ros2_ws/src/ros2_project_sc22amll/install/ros2_project_sc22amll/lib/python3.10/site-packages:${PYTHONPATH} /usr/bin/python3 setup.py egg_info --egg-base build/ros2_project_sc22amll build --build-base /uolstore/home/users/sc22amll/ros2_ws/src/ros2_project_sc22amll/build/ros2_project_sc22amll/build install --record /uolstore/home/users/sc22amll/ros2_ws/src/ros2_project_sc22amll/build/ros2_project_sc22amll/install.log --single-version-externally-managed
[1.035s] running egg_info
[1.036s] writing build/ros2_project_sc22amll/ros2_project_sc22amll.egg-info/PKG-INFO
[1.040s] writing dependency_links to build/ros2_project_sc22amll/ros2_project_sc22amll.egg-info/dependency_links.txt
[1.043s] writing entry points to build/ros2_project_sc22amll/ros2_project_sc22amll.egg-info/entry_points.txt
[1.046s] writing requirements to build/ros2_project_sc22amll/ros2_project_sc22amll.egg-info/requires.txt
[1.048s] writing top-level names to build/ros2_project_sc22amll/ros2_project_sc22amll.egg-info/top_level.txt
[1.054s] reading manifest file 'build/ros2_project_sc22amll/ros2_project_sc22amll.egg-info/SOURCES.txt'
[1.057s] writing manifest file 'build/ros2_project_sc22amll/ros2_project_sc22amll.egg-info/SOURCES.txt'
[1.059s] running build
[1.059s] running build_py
[1.060s] running install
[1.060s] running install_lib
[1.063s] running install_data
[1.063s] running install_egg_info
[1.065s] removing '/uolstore/home/users/sc22amll/ros2_ws/src/ros2_project_sc22amll/install/ros2_project_sc22amll/lib/python3.10/site-packages/ros2_project_sc22amll-0.0.0-py3.10.egg-info' (and everything under it)
[1.072s] Copying build/ros2_project_sc22amll/ros2_project_sc22amll.egg-info to /uolstore/home/users/sc22amll/ros2_ws/src/ros2_project_sc22amll/install/ros2_project_sc22amll/lib/python3.10/site-packages/ros2_project_sc22amll-0.0.0-py3.10.egg-info
[1.111s] running install_scripts
[1.128s] Installing first_step script to /uolstore/home/users/sc22amll/ros2_ws/src/ros2_project_sc22amll/install/ros2_project_sc22amll/lib/ros2_project_sc22amll
[1.131s] Installing fourth_step script to /uolstore/home/users/sc22amll/ros2_ws/src/ros2_project_sc22amll/install/ros2_project_sc22amll/lib/ros2_project_sc22amll
[1.134s] Installing second_step script to /uolstore/home/users/sc22amll/ros2_ws/src/ros2_project_sc22amll/install/ros2_project_sc22amll/lib/ros2_project_sc22amll
[1.137s] Installing third_step script to /uolstore/home/users/sc22amll/ros2_ws/src/ros2_project_sc22amll/install/ros2_project_sc22amll/lib/ros2_project_sc22amll
[1.141s] writing list of installed files to '/uolstore/home/users/sc22amll/ros2_ws/src/ros2_project_sc22amll/build/ros2_project_sc22amll/install.log'
[1.157s] Invoked command in '/uolstore/home/users/sc22amll/ros2_ws/src/ros2_project_sc22amll' returned '0': PYTHONPATH=/uolstore/home/users/sc22amll/ros2_ws/src/ros2_project_sc22amll/build/ros2_project_sc22amll/prefix_override:/uolstore/home/users/sc22amll/ros2_ws/src/ros2_project_sc22amll/install/ros2_project_sc22amll/lib/python3.10/site-packages:${PYTHONPATH} /usr/bin/python3 setup.py egg_info --egg-base build/ros2_project_sc22amll build --build-base /uolstore/home/users/sc22amll/ros2_ws/src/ros2_project_sc22amll/build/ros2_project_sc22amll/build install --record /uolstore/home/users/sc22amll/ros2_ws/src/ros2_project_sc22amll/build/ros2_project_sc22amll/install.log --single-version-externally-managed
