[0.631s] Invoking command in '/uolstore/home/users/sc22amll/ros2_ws/src/ros2_project_sc22amll': PYTHONPATH=/uolstore/home/users/sc22amll/ros2_ws/src/ros2_project_sc22amll/build/ros2_project_sc22amll/prefix_override:/uolstore/home/users/sc22amll/ros2_ws/src/ros2_project_sc22amll/install/ros2_project_sc22amll/lib/python3.10/site-packages:${PYTHONPATH} /usr/bin/python3 setup.py egg_info --egg-base build/ros2_project_sc22amll build --build-base /uolstore/home/users/sc22amll/ros2_ws/src/ros2_project_sc22amll/build/ros2_project_sc22amll/build install --record /uolstore/home/users/sc22amll/ros2_ws/src/ros2_project_sc22amll/build/ros2_project_sc22amll/install.log --single-version-externally-managed
[0.841s] running egg_info
[0.842s] writing build/ros2_project_sc22amll/ros2_project_sc22amll.egg-info/PKG-INFO
[0.846s] writing dependency_links to build/ros2_project_sc22amll/ros2_project_sc22amll.egg-info/dependency_links.txt
[0.849s] writing entry points to build/ros2_project_sc22amll/ros2_project_sc22amll.egg-info/entry_points.txt
[0.852s] writing requirements to build/ros2_project_sc22amll/ros2_project_sc22amll.egg-info/requires.txt
[0.854s] writing top-level names to build/ros2_project_sc22amll/ros2_project_sc22amll.egg-info/top_level.txt
[0.860s] reading manifest file 'build/ros2_project_sc22amll/ros2_project_sc22amll.egg-info/SOURCES.txt'
[0.863s] writing manifest file 'build/ros2_project_sc22amll/ros2_project_sc22amll.egg-info/SOURCES.txt'
[0.865s] running build
[0.865s] running build_py
[0.865s] copying ros2_project_sc22amll/full_solution.py -> /uolstore/home/users/sc22amll/ros2_ws/src/ros2_project_sc22amll/build/ros2_project_sc22amll/build/lib/ros2_project_sc22amll
[0.871s] running install
[0.872s] running install_lib
[0.874s] copying /uolstore/home/users/sc22amll/ros2_ws/src/ros2_project_sc22amll/build/ros2_project_sc22amll/build/lib/ros2_project_sc22amll/full_solution.py -> /uolstore/home/users/sc22amll/ros2_ws/src/ros2_project_sc22amll/install/ros2_project_sc22amll/lib/python3.10/site-packages/ros2_project_sc22amll
[0.880s] byte-compiling /uolstore/home/users/sc22amll/ros2_ws/src/ros2_project_sc22amll/install/ros2_project_sc22amll/lib/python3.10/site-packages/ros2_project_sc22amll/full_solution.py to full_solution.cpython-310.pyc
[0.887s] running install_data
[0.888s] running install_egg_info
[0.889s] removing '/uolstore/home/users/sc22amll/ros2_ws/src/ros2_project_sc22amll/install/ros2_project_sc22amll/lib/python3.10/site-packages/ros2_project_sc22amll-0.0.0-py3.10.egg-info' (and everything under it)
[0.897s] Copying build/ros2_project_sc22amll/ros2_project_sc22amll.egg-info to /uolstore/home/users/sc22amll/ros2_ws/src/ros2_project_sc22amll/install/ros2_project_sc22amll/lib/python3.10/site-packages/ros2_project_sc22amll-0.0.0-py3.10.egg-info
[0.940s] running install_scripts
[0.957s] Installing first_step script to /uolstore/home/users/sc22amll/ros2_ws/src/ros2_project_sc22amll/install/ros2_project_sc22amll/lib/ros2_project_sc22amll
[0.960s] Installing fourth_step script to /uolstore/home/users/sc22amll/ros2_ws/src/ros2_project_sc22amll/install/ros2_project_sc22amll/lib/ros2_project_sc22amll
[0.964s] Installing full_solution script to /uolstore/home/users/sc22amll/ros2_ws/src/ros2_project_sc22amll/install/ros2_project_sc22amll/lib/ros2_project_sc22amll
[0.967s] Installing second_step script to /uolstore/home/users/sc22amll/ros2_ws/src/ros2_project_sc22amll/install/ros2_project_sc22amll/lib/ros2_project_sc22amll
[0.970s] Installing third_step script to /uolstore/home/users/sc22amll/ros2_ws/src/ros2_project_sc22amll/install/ros2_project_sc22amll/lib/ros2_project_sc22amll
[0.974s] writing list of installed files to '/uolstore/home/users/sc22amll/ros2_ws/src/ros2_project_sc22amll/build/ros2_project_sc22amll/install.log'
[0.990s] Invoked command in '/uolstore/home/users/sc22amll/ros2_ws/src/ros2_project_sc22amll' returned '0': PYTHONPATH=/uolstore/home/users/sc22amll/ros2_ws/src/ros2_project_sc22amll/build/ros2_project_sc22amll/prefix_override:/uolstore/home/users/sc22amll/ros2_ws/src/ros2_project_sc22amll/install/ros2_project_sc22amll/lib/python3.10/site-packages:${PYTHONPATH} /usr/bin/python3 setup.py egg_info --egg-base build/ros2_project_sc22amll build --build-base /uolstore/home/users/sc22amll/ros2_ws/src/ros2_project_sc22amll/build/ros2_project_sc22amll/build install --record /uolstore/home/users/sc22amll/ros2_ws/src/ros2_project_sc22amll/build/ros2_project_sc22amll/install.log --single-version-externally-managed
