[0.789s] Invoking command in '/uolstore/home/users/sc22amll/ros2_ws/src/ros2_project_sc22amll': PYTHONPATH=/uolstore/home/users/sc22amll/ros2_ws/src/ros2_project_sc22amll/build/ros2_project_sc22amll/prefix_override:/uolstore/home/users/sc22amll/ros2_ws/src/ros2_project_sc22amll/install/ros2_project_sc22amll/lib/python3.10/site-packages:${PYTHONPATH} /usr/bin/python3 setup.py egg_info --egg-base build/ros2_project_sc22amll build --build-base /uolstore/home/users/sc22amll/ros2_ws/src/ros2_project_sc22amll/build/ros2_project_sc22amll/build install --record /uolstore/home/users/sc22amll/ros2_ws/src/ros2_project_sc22amll/build/ros2_project_sc22amll/install.log --single-version-externally-managed
[1.025s] running egg_info
[1.026s] writing build/ros2_project_sc22amll/ros2_project_sc22amll.egg-info/PKG-INFO
[1.029s] writing dependency_links to build/ros2_project_sc22amll/ros2_project_sc22amll.egg-info/dependency_links.txt
[1.032s] writing entry points to build/ros2_project_sc22amll/ros2_project_sc22amll.egg-info/entry_points.txt
[1.036s] writing requirements to build/ros2_project_sc22amll/ros2_project_sc22amll.egg-info/requires.txt
[1.039s] writing top-level names to build/ros2_project_sc22amll/ros2_project_sc22amll.egg-info/top_level.txt
[1.044s] reading manifest file 'build/ros2_project_sc22amll/ros2_project_sc22amll.egg-info/SOURCES.txt'
[1.047s] writing manifest file 'build/ros2_project_sc22amll/ros2_project_sc22amll.egg-info/SOURCES.txt'
[1.049s] running build
[1.049s] running build_py
[1.050s] copying ros2_project_sc22amll/full_solution.py -> /uolstore/home/users/sc22amll/ros2_ws/src/ros2_project_sc22amll/build/ros2_project_sc22amll/build/lib/ros2_project_sc22amll
[1.055s] running install
[1.055s] running install_lib
[1.058s] copying /uolstore/home/users/sc22amll/ros2_ws/src/ros2_project_sc22amll/build/ros2_project_sc22amll/build/lib/ros2_project_sc22amll/full_solution.py -> /uolstore/home/users/sc22amll/ros2_ws/src/ros2_project_sc22amll/install/ros2_project_sc22amll/lib/python3.10/site-packages/ros2_project_sc22amll
[1.064s] byte-compiling /uolstore/home/users/sc22amll/ros2_ws/src/ros2_project_sc22amll/install/ros2_project_sc22amll/lib/python3.10/site-packages/ros2_project_sc22amll/full_solution.py to full_solution.cpython-310.pyc
[1.070s] running install_data
[1.071s] running install_egg_info
[1.072s] removing '/uolstore/home/users/sc22amll/ros2_ws/src/ros2_project_sc22amll/install/ros2_project_sc22amll/lib/python3.10/site-packages/ros2_project_sc22amll-0.0.0-py3.10.egg-info' (and everything under it)
[1.080s] Copying build/ros2_project_sc22amll/ros2_project_sc22amll.egg-info to /uolstore/home/users/sc22amll/ros2_ws/src/ros2_project_sc22amll/install/ros2_project_sc22amll/lib/python3.10/site-packages/ros2_project_sc22amll-0.0.0-py3.10.egg-info
[1.122s] running install_scripts
[1.138s] Installing full_solution script to /uolstore/home/users/sc22amll/ros2_ws/src/ros2_project_sc22amll/install/ros2_project_sc22amll/lib/ros2_project_sc22amll
[1.142s] writing list of installed files to '/uolstore/home/users/sc22amll/ros2_ws/src/ros2_project_sc22amll/build/ros2_project_sc22amll/install.log'
[1.157s] Invoked command in '/uolstore/home/users/sc22amll/ros2_ws/src/ros2_project_sc22amll' returned '0': PYTHONPATH=/uolstore/home/users/sc22amll/ros2_ws/src/ros2_project_sc22amll/build/ros2_project_sc22amll/prefix_override:/uolstore/home/users/sc22amll/ros2_ws/src/ros2_project_sc22amll/install/ros2_project_sc22amll/lib/python3.10/site-packages:${PYTHONPATH} /usr/bin/python3 setup.py egg_info --egg-base build/ros2_project_sc22amll build --build-base /uolstore/home/users/sc22amll/ros2_ws/src/ros2_project_sc22amll/build/ros2_project_sc22amll/build install --record /uolstore/home/users/sc22amll/ros2_ws/src/ros2_project_sc22amll/build/ros2_project_sc22amll/install.log --single-version-externally-managed
