[0.840s] Invoking command in '/uolstore/home/users/sc22amll/ros2_ws/src/ros2_project_sc22amll': PYTHONPATH=/uolstore/home/users/sc22amll/ros2_ws/src/ros2_project_sc22amll/build/ros2_project_sc22amll/prefix_override:/uolstore/home/users/sc22amll/ros2_ws/src/ros2_project_sc22amll/install/ros2_project_sc22amll/lib/python3.10/site-packages:${PYTHONPATH} /usr/bin/python3 setup.py egg_info --egg-base build/ros2_project_sc22amll build --build-base /uolstore/home/users/sc22amll/ros2_ws/src/ros2_project_sc22amll/build/ros2_project_sc22amll/build install --record /uolstore/home/users/sc22amll/ros2_ws/src/ros2_project_sc22amll/build/ros2_project_sc22amll/install.log --single-version-externally-managed
[1.083s] running egg_info
[1.084s] writing build/ros2_project_sc22amll/ros2_project_sc22amll.egg-info/PKG-INFO
[1.592s] writing dependency_links to build/ros2_project_sc22amll/ros2_project_sc22amll.egg-info/dependency_links.txt
[1.600s] writing entry points to build/ros2_project_sc22amll/ros2_project_sc22amll.egg-info/entry_points.txt
[1.605s] writing requirements to build/ros2_project_sc22amll/ros2_project_sc22amll.egg-info/requires.txt
[1.608s] writing top-level names to build/ros2_project_sc22amll/ros2_project_sc22amll.egg-info/top_level.txt
[1.618s] reading manifest file 'build/ros2_project_sc22amll/ros2_project_sc22amll.egg-info/SOURCES.txt'
[1.620s] writing manifest file 'build/ros2_project_sc22amll/ros2_project_sc22amll.egg-info/SOURCES.txt'
[1.628s] running build
[1.628s] running build_py
[1.629s] copying ros2_project_sc22amll/fourth_step.py -> /uolstore/home/users/sc22amll/ros2_ws/src/ros2_project_sc22amll/build/ros2_project_sc22amll/build/lib/ros2_project_sc22amll
[1.637s] running install
[1.638s] running install_lib
[1.641s] copying /uolstore/home/users/sc22amll/ros2_ws/src/ros2_project_sc22amll/build/ros2_project_sc22amll/build/lib/ros2_project_sc22amll/fourth_step.py -> /uolstore/home/users/sc22amll/ros2_ws/src/ros2_project_sc22amll/install/ros2_project_sc22amll/lib/python3.10/site-packages/ros2_project_sc22amll
[1.650s] byte-compiling /uolstore/home/users/sc22amll/ros2_ws/src/ros2_project_sc22amll/install/ros2_project_sc22amll/lib/python3.10/site-packages/ros2_project_sc22amll/fourth_step.py to fourth_step.cpython-310.pyc
[1.658s] running install_data
[1.659s] running install_egg_info
[1.661s] removing '/uolstore/home/users/sc22amll/ros2_ws/src/ros2_project_sc22amll/install/ros2_project_sc22amll/lib/python3.10/site-packages/ros2_project_sc22amll-0.0.0-py3.10.egg-info' (and everything under it)
[1.671s] Copying build/ros2_project_sc22amll/ros2_project_sc22amll.egg-info to /uolstore/home/users/sc22amll/ros2_ws/src/ros2_project_sc22amll/install/ros2_project_sc22amll/lib/python3.10/site-packages/ros2_project_sc22amll-0.0.0-py3.10.egg-info
[1.719s] running install_scripts
[1.735s] Installing first_step script to /uolstore/home/users/sc22amll/ros2_ws/src/ros2_project_sc22amll/install/ros2_project_sc22amll/lib/ros2_project_sc22amll
[1.743s] Installing fourth_step script to /uolstore/home/users/sc22amll/ros2_ws/src/ros2_project_sc22amll/install/ros2_project_sc22amll/lib/ros2_project_sc22amll
[1.750s] Installing full_solution script to /uolstore/home/users/sc22amll/ros2_ws/src/ros2_project_sc22amll/install/ros2_project_sc22amll/lib/ros2_project_sc22amll
[1.754s] Installing second_step script to /uolstore/home/users/sc22amll/ros2_ws/src/ros2_project_sc22amll/install/ros2_project_sc22amll/lib/ros2_project_sc22amll
[1.759s] Installing third_step script to /uolstore/home/users/sc22amll/ros2_ws/src/ros2_project_sc22amll/install/ros2_project_sc22amll/lib/ros2_project_sc22amll
[1.765s] writing list of installed files to '/uolstore/home/users/sc22amll/ros2_ws/src/ros2_project_sc22amll/build/ros2_project_sc22amll/install.log'
[1.783s] Invoked command in '/uolstore/home/users/sc22amll/ros2_ws/src/ros2_project_sc22amll' returned '0': PYTHONPATH=/uolstore/home/users/sc22amll/ros2_ws/src/ros2_project_sc22amll/build/ros2_project_sc22amll/prefix_override:/uolstore/home/users/sc22amll/ros2_ws/src/ros2_project_sc22amll/install/ros2_project_sc22amll/lib/python3.10/site-packages:${PYTHONPATH} /usr/bin/python3 setup.py egg_info --egg-base build/ros2_project_sc22amll build --build-base /uolstore/home/users/sc22amll/ros2_ws/src/ros2_project_sc22amll/build/ros2_project_sc22amll/build install --record /uolstore/home/users/sc22amll/ros2_ws/src/ros2_project_sc22amll/build/ros2_project_sc22amll/install.log --single-version-externally-managed
